BITURBO_1.1.0 {
  global:
    adler32;
    adler32_combine;
    bt_cancel_cancellation_token;
    bt_decode_image;
    bt_find_fartherest_tip;
    bt_get_behind_ahead_counts;
    bt_get_commit_subgraph;
    bt_get_commit_subgraph_2;
    bt_get_commits;
    bt_get_committer_times;
    bt_get_git_config;
    bt_get_head;
    bt_get_last_error_message;
    bt_get_references;
    bt_get_repository_manager;
    bt_get_repository_stashes;
    bt_get_revision_headers;
    bt_get_tag_details;
    bt_get_tree;
    bt_highlight_syntax;
    bt_kill_process_cancellation_token;
    bt_layout_treemap;
    bt_md_to_html;
    bt_new_cancellation_token;
    bt_new_commit_graph_cache;
    bt_new_process_cancellation_token;
    bt_oid_from_str;
    bt_parse_patch;
    bt_release_behind_ahead_counts;
    bt_release_cancellation_token;
    bt_release_commit_graph_cache;
    bt_release_commit_storage;
    bt_release_committer_times;
    bt_release_decode_image;
    bt_release_git_config;
    bt_release_head;
    bt_release_highlight_syntax;
    bt_release_layout_treemap;
    bt_release_md_to_html;
    bt_release_parse_patch;
    bt_release_process_cancellation_token;
    bt_release_references;
    bt_release_repository_manager;
    bt_release_repository_stashes;
    bt_release_revision_headers;
    bt_release_search_commits;
    bt_release_spawn_with_output_result;
    bt_release_tag_details;
    bt_release_tree;
    bt_save_repository_manager;
    bt_search_commits;
    bt_spawn_with_callback;
    bt_spawn_with_output;
    compress;
    compress2;
    compressBound;
    crc32;
    crc32_combine;
    deflate;
    deflateBound;
    deflateCopy;
    deflateEnd;
    deflateInit2_;
    deflateInit_;
    deflateParams;
    deflatePending;
    deflatePrime;
    deflateReset;
    deflateSetDictionary;
    deflateSetHeader;
    deflateTune;
    inflate;
    inflateBack;
    inflateBackEnd;
    inflateBackInit_;
    inflateCodesUsed;
    inflateCopy;
    inflateEnd;
    inflateGetHeader;
    inflateInit2_;
    inflateInit_;
    inflateMark;
    inflatePrime;
    inflateReset;
    inflateReset2;
    inflateResetKeep;
    inflateSetDictionary;
    inflateSync;
    inflateSyncPoint;
    inflateUndermine;
    uncompress;
    zError;
    zlibVersion;
  local:
    *;
};
